npm warn Unknown env config "http-proxy". This will stop working in the next major version of npm.
Downloading Firefox 155.0 (playwright firefox v1543)[2m from https://cdn.playwright.dev/dbazure/download/playwright/builds/firefox/1543/firefox-ubuntu-24.04.zip[22m
|■■■■■■■■■■■■■■■■■■■■■■■■■■■■■■■■■■■■■■■■■■■■■■■■■■■■■■■■■■■■■■■■■■■■■■■■■■■■■■■■| 100% of 0 MiB
Error: End of central directory record signature not found. Either not a zip file, or file is truncated.
    at /workspace/scratch/8f5130b2b757/rc2/node_modules/playwright-core/lib/utilsBundle.js:31029:18
    at /workspace/scratch/8f5130b2b757/rc2/node_modules/playwright-core/lib/utilsBundle.js:31555:9
    at /workspace/scratch/8f5130b2b757/rc2/node_modules/playwright-core/lib/utilsBundle.js:30452:11
    at FSReqCallback.wrapper [as oncomplete] (node:fs:731:5)
Downloading Firefox 155.0 (playwright firefox v1543)[2m from https://playwright.download.prss.microsoft.com/dbazure/download/playwright/builds/firefox/1543/firefox-ubuntu-24.04.zip[22m
|                                                                                |   0% of 109.5 MiB
|■■■■■■■■                                                                        |  10% of 109.5 MiB
|■■■■■■■■■■■■■■■■                                                                |  20% of 109.5 MiB
|■■■■■■■■■■■■■■■■■■■■■■■■                                                        |  30% of 109.5 MiB
|■■■■■■■■■■■■■■■■■■■■■■■■■■■■■■■■                                                |  40% of 109.5 MiB
|■■■■■■■■■■■■■■■■■■■■■■■■■■■■■■■■■■■■■■■■                                        |  50% of 109.5 MiB
|■■■■■■■■■■■■■■■■■■■■■■■■■■■■■■■■■■■■■■■■■■■■■■■■                                |  60% of 109.5 MiB
|■■■■■■■■■■■■■■■■■■■■■■■■■■■■■■■■■■■■■■■■■■■■■■■■■■■■■■■■                        |  70% of 109.5 MiB
|■■■■■■■■■■■■■■■■■■■■■■■■■■■■■■■■■■■■■■■■■■■■■■■■■■■■■■■■■■■■■■■■                |  80% of 109.5 MiB
|■■■■■■■■■■■■■■■■■■■■■■■■■■■■■■■■■■■■■■■■■■■■■■■■■■■■■■■■■■■■■■■■■■■■■■■■        |  90% of 109.5 MiB
|■■■■■■■■■■■■■■■■■■■■■■■■■■■■■■■■■■■■■■■■■■■■■■■■■■■■■■■■■■■■■■■■■■■■■■■■■■■■■■■■| 100% of 109.5 MiB
Firefox 155.0 (playwright firefox v1543) downloaded to /root/.cache/ms-playwright/firefox-1543
Downloading FFmpeg (playwright ffmpeg v1011)[2m from https://cdn.playwright.dev/dbazure/download/playwright/builds/ffmpeg/1011/ffmpeg-linux.zip[22m
|■■■■■■■■■■■■■■■■■■■■■■■■■■■■■■■■■■■■■■■■■■■■■■■■■■■■■■■■■■■■■■■■■■■■■■■■■■■■■■■■| 100% of 0 MiB
Error: End of central directory record signature not found. Either not a zip file, or file is truncated.
    at /workspace/scratch/8f5130b2b757/rc2/node_modules/playwright-core/lib/utilsBundle.js:31029:18
    at /workspace/scratch/8f5130b2b757/rc2/node_modules/playwright-core/lib/utilsBundle.js:31555:9
    at /workspace/scratch/8f5130b2b757/rc2/node_modules/playwright-core/lib/utilsBundle.js:30452:11
    at FSReqCallback.wrapper [as oncomplete] (node:fs:731:5)
Downloading FFmpeg (playwright ffmpeg v1011)[2m from https://playwright.download.prss.microsoft.com/dbazure/download/playwright/builds/ffmpeg/1011/ffmpeg-linux.zip[22m
|                                                                                |   0% of 2.3 MiB
|■■■■■■■■                                                                        |  10% of 2.3 MiB
|■■■■■■■■■■■■■■■■                                                                |  20% of 2.3 MiB
|■■■■■■■■■■■■■■■■■■■■■■■■                                                        |  30% of 2.3 MiB
|■■■■■■■■■■■■■■■■■■■■■■■■■■■■■■■■                                                |  40% of 2.3 MiB
|■■■■■■■■■■■■■■■■■■■■■■■■■■■■■■■■■■■■■■■■                                        |  50% of 2.3 MiB
|■■■■■■■■■■■■■■■■■■■■■■■■■■■■■■■■■■■■■■■■■■■■■■■■                                |  60% of 2.3 MiB
|■■■■■■■■■■■■■■■■■■■■■■■■■■■■■■■■■■■■■■■■■■■■■■■■■■■■■■■■                        |  70% of 2.3 MiB
|■■■■■■■■■■■■■■■■■■■■■■■■■■■■■■■■■■■■■■■■■■■■■■■■■■■■■■■■■■■■■■■■                |  80% of 2.3 MiB
|■■■■■■■■■■■■■■■■■■■■■■■■■■■■■■■■■■■■■■■■■■■■■■■■■■■■■■■■■■■■■■■■■■■■■■■■        |  90% of 2.3 MiB
|■■■■■■■■■■■■■■■■■■■■■■■■■■■■■■■■■■■■■■■■■■■■■■■■■■■■■■■■■■■■■■■■■■■■■■■■■■■■■■■■| 100% of 2.3 MiB
FFmpeg (playwright ffmpeg v1011) downloaded to /root/.cache/ms-playwright/ffmpeg-1011
Downloading WebKit 26.6 (playwright webkit v2359)[2m from https://cdn.playwright.dev/dbazure/download/playwright/builds/webkit/2359/webkit-ubuntu-24.04.zip[22m
|■■■■■■■■■■■■■■■■■■■■■■■■■■■■■■■■■■■■■■■■■■■■■■■■■■■■■■■■■■■■■■■■■■■■■■■■■■■■■■■■| 100% of 0 MiB
Error: End of central directory record signature not found. Either not a zip file, or file is truncated.
    at /workspace/scratch/8f5130b2b757/rc2/node_modules/playwright-core/lib/utilsBundle.js:31029:18
    at /workspace/scratch/8f5130b2b757/rc2/node_modules/playwright-core/lib/utilsBundle.js:31555:9
    at /workspace/scratch/8f5130b2b757/rc2/node_modules/playwright-core/lib/utilsBundle.js:30452:11
    at FSReqCallback.wrapper [as oncomplete] (node:fs:731:5)
Downloading WebKit 26.6 (playwright webkit v2359)[2m from https://playwright.download.prss.microsoft.com/dbazure/download/playwright/builds/webkit/2359/webkit-ubuntu-24.04.zip[22m
|                                                                                |   0% of 102.3 MiB
|■■■■■■■■                                                                        |  10% of 102.3 MiB
|■■■■■■■■■■■■■■■■                                                                |  20% of 102.3 MiB
|■■■■■■■■■■■■■■■■■■■■■■■■                                                        |  30% of 102.3 MiB
|■■■■■■■■■■■■■■■■■■■■■■■■■■■■■■■■                                                |  40% of 102.3 MiB
|■■■■■■■■■■■■■■■■■■■■■■■■■■■■■■■■■■■■■■■■                                        |  50% of 102.3 MiB
|■■■■■■■■■■■■■■■■■■■■■■■■■■■■■■■■■■■■■■■■■■■■■■■■                                |  60% of 102.3 MiB
|■■■■■■■■■■■■■■■■■■■■■■■■■■■■■■■■■■■■■■■■■■■■■■■■■■■■■■■■                        |  70% of 102.3 MiB
|■■■■■■■■■■■■■■■■■■■■■■■■■■■■■■■■■■■■■■■■■■■■■■■■■■■■■■■■■■■■■■■■                |  80% of 102.3 MiB
|■■■■■■■■■■■■■■■■■■■■■■■■■■■■■■■■■■■■■■■■■■■■■■■■■■■■■■■■■■■■■■■■■■■■■■■■        |  90% of 102.3 MiB
|■■■■■■■■■■■■■■■■■■■■■■■■■■■■■■■■■■■■■■■■■■■■■■■■■■■■■■■■■■■■■■■■■■■■■■■■■■■■■■■■| 100% of 102.3 MiB
WebKit 26.6 (playwright webkit v2359) downloaded to /root/.cache/ms-playwright/webkit-2359
Playwright Host validation warning: 
╔══════════════════════════════════════════════════════╗
║ Host system is missing dependencies to run browsers. ║
║ Missing libraries:                                   ║
║     libgstreamer-1.0.so.0                            ║
║     libgtk-4.so.1                                    ║
║     libgraphene-1.0.so.0                             ║
║     libevent-2.1.so.7                                ║
║     libgstallocators-1.0.so.0                        ║
║     libgstapp-1.0.so.0                               ║
║     libgstbase-1.0.so.0                              ║
║     libgstpbutils-1.0.so.0                           ║
║     libgstaudio-1.0.so.0                             ║
║     libgsttag-1.0.so.0                               ║
║     libgstvideo-1.0.so.0                             ║
║     libgstgl-1.0.so.0                                ║
║     libgstcodecparsers-1.0.so.0                      ║
║     libgstfft-1.0.so.0                               ║
║     libavif.so.16                                    ║
║     libharfbuzz-icu.so.0                             ║
║     libwayland-server.so.0                           ║
║     libmanette-0.2.so.0                              ║
║     libhyphen.so.0                                   ║
║     libsecret-1.so.0                                 ║
║     libGLESv2.so.2                                   ║
╚══════════════════════════════════════════════════════╝
    at validateDependenciesLinux (/workspace/scratch/8f5130b2b757/rc2/node_modules/playwright-core/lib/coreBundle.js:32259:9)
    at async Registry._validateHostRequirements (/workspace/scratch/8f5130b2b757/rc2/node_modules/playwright-core/lib/coreBundle.js:33519:18)
    at async Registry._validateHostRequirementsForExecutableIfNeeded (/workspace/scratch/8f5130b2b757/rc2/node_modules/playwright-core/lib/coreBundle.js:33641:11)
    at async Registry.validateHostRequirementsForExecutablesIfNeeded (/workspace/scratch/8f5130b2b757/rc2/node_modules/playwright-core/lib/coreBundle.js:33630:11)
    at async installBrowsers (/workspace/scratch/8f5130b2b757/rc2/node_modules/playwright-core/lib/coreBundle.js:70097:5)
    at async _Command.<anonymous> (/workspace/scratch/8f5130b2b757/rc2/node_modules/playwright-core/lib/coreBundle.js:73670:7)
